// Jest Snapshot v1, https://goo.gl/fbAQLP

exports[`matches snapshot 1`] = `
<button
  accesskey=""
  class="buttonish "
  data-testid="button"
  data-title="Title"
>
  Label
</button>
`;
