// Jest Snapshot v1, https://goo.gl/fbAQLP

exports[`matches snapshot 1`] = `
<div
  class="app"
  data-testid="app"
>
  <header
    class="app__header"
  >
    <div
      class="menu-card"
    >
      <div
        class="card"
      >
        <nav
          class="menu"
        >
          <div
            class="menu-list"
          >
            <ul
              class="unordered-list unordered-list--horizontal"
            >
              <li
                class="list-item"
              >
                <details
                  class="disclosure"
                >
                  <summary
                    class="disclosure__summary buttonish "
                    data-title="Toggle overflow menu."
                    role="button"
                  >
                    <img
                      alt=""
                      class="icon"
                      decoding="sync"
                      height="20"
                      loading="eager"
                      src="menu-icon-toggle-toolbar.svg"
                      width="20"
                    />
                  </summary>
                  <div
                    class="toolbar-card"
                  >
                    <div
                      class="bubble-card"
                    >
                      <div
                        class="card"
                      >
                        <ul
                          class="unordered-list unordered-list--grid"
                        >
                          <li
                            class="list-item"
                          >
                            <div
                              class="icon-button"
                            >
                              <button
                                accesskey=""
                                class="buttonish "
                                data-title="Restore the previous state [alt-shift-z]."
                              >
                                <img
                                  alt=""
                                  class="icon"
                                  decoding="sync"
                                  height="20"
                                  loading="eager"
                                  src="toolbar-icon-undo.svg"
                                  width="20"
                                />
                              </button>
                              <label
                                class="icon-buttonish__label"
                              >
                                Undo
                              </label>
                            </div>
                          </li>
                          <li
                            class="list-item"
                          >
                            <div
                              class="icon-button"
                            >
                              <button
                                accesskey=""
                                class="buttonish "
                                data-title="Reverse an undo [alt-shift-y]."
                              >
                                <img
                                  alt=""
                                  class="icon"
                                  decoding="sync"
                                  height="20"
                                  loading="eager"
                                  src="toolbar-icon-redo.svg"
                                  width="20"
                                />
                              </button>
                              <label
                                class="icon-buttonish__label"
                              >
                                Redo
                              </label>
                            </div>
                          </li>
                          <li
                            class="list-item"
                          >
                            <div
                              class="icon-button"
                            >
                              <button
                                accesskey=""
                                class="buttonish "
                                data-title="Download file [alt-shift-s]."
                              >
                                <img
                                  alt=""
                                  class="icon"
                                  decoding="sync"
                                  height="20"
                                  loading="eager"
                                  src="toolbar-icon-save-file.svg"
                                  width="20"
                                />
                              </button>
                              <label
                                class="icon-buttonish__label"
                              >
                                Save
                              </label>
                            </div>
                          </li>
                          <li
                            class="list-item"
                          >
                            <div
                              class="icon-button"
                            >
                              <button
                                accesskey=""
                                class="buttonish "
                                data-title="Open save dialog."
                              >
                                <img
                                  alt=""
                                  class="icon"
                                  decoding="sync"
                                  height="20"
                                  loading="eager"
                                  src="toolbar-icon-save-file-as.svg"
                                  width="20"
                                />
                              </button>
                              <label
                                class="icon-buttonish__label"
                              >
                                Save As…
                              </label>
                            </div>
                          </li>
                          <li
                            class="list-item"
                          >
                            <div
                              class="icon-button"
                            >
                              <button
                                accesskey=""
                                class="buttonish "
                                data-title="Load an existing file [alt-shift-o]."
                              >
                                <img
                                  alt=""
                                  class="icon"
                                  decoding="sync"
                                  height="20"
                                  loading="eager"
                                  src="toolbar-icon-load-file.svg"
                                  width="20"
                                />
                              </button>
                              <label
                                class="icon-buttonish__label"
                              >
                                Open…
                              </label>
                            </div>
                          </li>
                          <li
                            class="list-item"
                          >
                            <div
                              class="icon-button"
                            >
                              <button
                                accesskey=""
                                class="buttonish "
                                data-title="Create an empty file [alt-shift-n]."
                              >
                                <img
                                  alt=""
                                  class="icon"
                                  decoding="sync"
                                  height="20"
                                  loading="eager"
                                  src="toolbar-icon-new-file.svg"
                                  width="20"
                                />
                              </button>
                              <label
                                class="icon-buttonish__label"
                              >
                                New
                              </label>
                            </div>
                          </li>
                          <li
                            class="list-item"
                          >
                            <div
                              class="icon-button"
                            >
                              <button
                                accesskey=""
                                class="buttonish "
                                data-title="Open documentation [alt-shift-f1]."
                              >
                                <img
                                  alt=""
                                  class="icon"
                                  decoding="sync"
                                  height="20"
                                  loading="eager"
                                  src="toolbar-icon-help.svg"
                                  width="20"
                                />
                              </button>
                              <label
                                class="icon-buttonish__label"
                              >
                                Help
                              </label>
                            </div>
                          </li>
                        </ul>
                      </div>
                    </div>
                  </div>
                </details>
                <label
                  class="icon-buttonish__label"
                >
                  Menu
                </label>
              </li>
              <li
                class="list-item"
              >
                <div
                  class="icon-button"
                >
                  <button
                    accesskey=""
                    class="buttonish "
                    data-title="Remove selected record(s) [alt-shift-delete]."
                  >
                    <img
                      alt=""
                      class="icon"
                      decoding="sync"
                      height="20"
                      loading="eager"
                      src="menu-icon-remove-record.svg"
                      width="20"
                    />
                  </button>
                  <label
                    class="icon-buttonish__label"
                  >
                    Discard
                  </label>
                </div>
              </li>
              <li
                class="list-item"
              >
                <div
                  class="icon-button"
                >
                  <button
                    accesskey=""
                    class="buttonish "
                    data-title="Create new record [alt-shift-enter]."
                  >
                    <img
                      alt=""
                      class="icon"
                      decoding="sync"
                      height="20"
                      loading="eager"
                      src="menu-icon-add-record.svg"
                      width="20"
                    />
                  </button>
                  <label
                    class="icon-buttonish__label"
                  >
                    Add
                  </label>
                </div>
              </li>
            </ul>
          </div>
        </nav>
      </div>
    </div>
  </header>
  <main
    class="app__body"
  />
</div>
`;
